[    2531ms] [ERROR] TypeError: Cannot read properties of undefined (reading 'map')
    at https://mglass-app.vercel.app/_next/static/chunks/0pij2umgrrzvp.js?dpl=dpl_Gxjfw5PjNaUKvBsu8xMu5966BgjL:98:21591
    at i_ (https://mglass-app.vercel.app/_next/static/chunks/0dx98p8ocaagw.js?dpl=dpl_Gxjfw5PjNaUKvBsu8xMu5966BgjL:23:115479)
    at o0 (https://mglass-app.vercel.app/_next/static/chunks/0dx98p8ocaagw.js?dpl=dpl_Gxjfw5PjNaUKvBsu8xMu5966BgjL:23:135736)
    at lu (https://mglass-app.vercel.app/_next/static/chunks/0dx98p8ocaagw.js?dpl=dpl_Gxjfw5PjNaUKvBsu8xMu5966BgjL:23:147338)
    at uf (https://mglass-app.vercel.app/_next/static/chunks/0dx98p8ocaagw.js?dpl=dpl_Gxjfw5PjNaUKvBsu8xMu5966BgjL:23:190578)
    at https://mglass-app.vercel.app/_next/static/chunks/0dx98p8ocaagw.js?dpl=dpl_Gxjfw5PjNaUKvBsu8xMu5966BgjL:23:190423
    at ud (https://mglass-app.vercel.app/_next/static/chunks/0dx98p8ocaagw.js?dpl=dpl_Gxjfw5PjNaUKvBsu8xMu5966BgjL:23:190431)
    at ue (https://mglass-app.vercel.app/_next/static/chunks/0dx98p8ocaagw.js?dpl=dpl_Gxjfw5PjNaUKvBsu8xMu5966BgjL:23:186352)
    at uq (https://mglass-app.vercel.app/_next/static/chunks/0dx98p8ocaagw.js?dpl=dpl_Gxjfw5PjNaUKvBsu8xMu5966BgjL:23:212129)
    at MessagePort.C (https://mglass-app.vercel.app/_next/static/chunks/0dx98p8ocaagw.js?dpl=dpl_Gxjfw5PjNaUKvBsu8xMu5966BgjL:23:60287) @ https://mglass-app.vercel.app/_next/static/chunks/0dx98p8ocaagw.js?dpl=dpl_Gxjfw5PjNaUKvBsu8xMu5966BgjL:10
[    2535ms] [ERROR] TypeError: Cannot read properties of undefined (reading 'map')
    at https://mglass-app.vercel.app/_next/static/chunks/0pij2umgrrzvp.js?dpl=dpl_Gxjfw5PjNaUKvBsu8xMu5966BgjL:98:21591
    at i_ (https://mglass-app.vercel.app/_next/static/chunks/0dx98p8ocaagw.js?dpl=dpl_Gxjfw5PjNaUKvBsu8xMu5966BgjL:23:115479)
    at o0 (https://mglass-app.vercel.app/_next/static/chunks/0dx98p8ocaagw.js?dpl=dpl_Gxjfw5PjNaUKvBsu8xMu5966BgjL:23:135736)
    at lu (https://mglass-app.vercel.app/_next/static/chunks/0dx98p8ocaagw.js?dpl=dpl_Gxjfw5PjNaUKvBsu8xMu5966BgjL:23:147338)
    at uf (https://mglass-app.vercel.app/_next/static/chunks/0dx98p8ocaagw.js?dpl=dpl_Gxjfw5PjNaUKvBsu8xMu5966BgjL:23:190578)
    at https://mglass-app.vercel.app/_next/static/chunks/0dx98p8ocaagw.js?dpl=dpl_Gxjfw5PjNaUKvBsu8xMu5966BgjL:23:190423
    at ud (https://mglass-app.vercel.app/_next/static/chunks/0dx98p8ocaagw.js?dpl=dpl_Gxjfw5PjNaUKvBsu8xMu5966BgjL:23:190431)
    at ue (https://mglass-app.vercel.app/_next/static/chunks/0dx98p8ocaagw.js?dpl=dpl_Gxjfw5PjNaUKvBsu8xMu5966BgjL:23:186352)
    at uq (https://mglass-app.vercel.app/_next/static/chunks/0dx98p8ocaagw.js?dpl=dpl_Gxjfw5PjNaUKvBsu8xMu5966BgjL:23:212129)
    at MessagePort.C (https://mglass-app.vercel.app/_next/static/chunks/0dx98p8ocaagw.js?dpl=dpl_Gxjfw5PjNaUKvBsu8xMu5966BgjL:23:60287) @ https://mglass-app.vercel.app/_next/static/chunks/0dx98p8ocaagw.js?dpl=dpl_Gxjfw5PjNaUKvBsu8xMu5966BgjL:10
