[  220981ms] [ERROR] Failed to load resource: the server responded with a status of 401 () @ https://mglass-app.vercel.app/api/vlad/tasks?status=inbox,active:0
[  221001ms] [VERBOSE] [DOM] Password field is not contained in a form: (More info: https://goo.gl/9p2vKq) %o @ https://mglass-app.vercel.app/vlad:0
[  243794ms] [ERROR] Failed to load resource: the server responded with a status of 401 () @ https://mglass-app.vercel.app/api/vlad/pin:0
[  247264ms] [ERROR] Failed to load resource: the server responded with a status of 401 () @ https://mglass-app.vercel.app/api/vlad/pin:0
[  250643ms] [ERROR] Failed to load resource: the server responded with a status of 401 () @ https://mglass-app.vercel.app/api/vlad/pin:0
[  253527ms] [ERROR] Failed to load resource: the server responded with a status of 401 () @ https://mglass-app.vercel.app/api/vlad/pin:0
[  257276ms] [ERROR] Failed to load resource: the server responded with a status of 401 () @ https://mglass-app.vercel.app/api/vlad/pin:0
[  261490ms] [ERROR] Failed to load resource: the server responded with a status of 401 () @ https://mglass-app.vercel.app/api/vlad/pin:0
[  265177ms] [ERROR] Failed to load resource: the server responded with a status of 401 () @ https://mglass-app.vercel.app/api/vlad/pin:0
[  268918ms] [ERROR] Failed to load resource: the server responded with a status of 401 () @ https://mglass-app.vercel.app/api/vlad/pin:0
[  273289ms] [ERROR] Failed to load resource: the server responded with a status of 401 () @ https://mglass-app.vercel.app/api/vlad/pin:0
[  276063ms] [ERROR] Failed to load resource: the server responded with a status of 401 () @ https://mglass-app.vercel.app/api/vlad/pin:0
[  279721ms] [ERROR] Failed to load resource: the server responded with a status of 401 () @ https://mglass-app.vercel.app/api/vlad/pin:0
[  282548ms] [ERROR] Failed to load resource: the server responded with a status of 401 () @ https://mglass-app.vercel.app/api/vlad/pin:0
[  285652ms] [ERROR] Failed to load resource: the server responded with a status of 401 () @ https://mglass-app.vercel.app/api/vlad/pin:0
[  289991ms] [ERROR] Failed to load resource: the server responded with a status of 401 () @ https://mglass-app.vercel.app/api/vlad/pin:0
[  295362ms] [ERROR] Failed to load resource: the server responded with a status of 401 () @ https://mglass-app.vercel.app/api/vlad/pin:0
[  300959ms] [ERROR] Failed to load resource: the server responded with a status of 401 () @ https://mglass-app.vercel.app/api/vlad/pin:0
[  303904ms] [ERROR] Failed to load resource: the server responded with a status of 401 () @ https://mglass-app.vercel.app/api/vlad/pin:0
[  470316ms] [WARNING] THREE.Clock: This module has been deprecated. Please use THREE.Timer instead. @ https://mglass-app.vercel.app/_next/static/chunks/17_s2gj3uyndh.js?dpl=dpl_CWhTQbeSmA6NZjBju6C21kECv3Pn:10
[  471316ms] [WARNING] THREE.WebGLShadowMap: PCFSoftShadowMap has been deprecated. Using PCFShadowMap instead. @ https://mglass-app.vercel.app/_next/static/chunks/17_s2gj3uyndh.js?dpl=dpl_CWhTQbeSmA6NZjBju6C21kECv3Pn:10
[  472514ms] [WARNING] THREE.WebGLShadowMap: PCFSoftShadowMap has been deprecated. Using PCFShadowMap instead. @ https://mglass-app.vercel.app/_next/static/chunks/17_s2gj3uyndh.js?dpl=dpl_CWhTQbeSmA6NZjBju6C21kECv3Pn:10
[  475911ms] [WARNING] THREE.WebGLShadowMap: PCFSoftShadowMap has been deprecated. Using PCFShadowMap instead. @ https://mglass-app.vercel.app/_next/static/chunks/17_s2gj3uyndh.js?dpl=dpl_CWhTQbeSmA6NZjBju6C21kECv3Pn:10
[  476067ms] [WARNING] THREE.WebGLShadowMap: PCFSoftShadowMap has been deprecated. Using PCFShadowMap instead. @ https://mglass-app.vercel.app/_next/static/chunks/17_s2gj3uyndh.js?dpl=dpl_CWhTQbeSmA6NZjBju6C21kECv3Pn:10
[  479741ms] [WARNING] THREE.WebGLShadowMap: PCFSoftShadowMap has been deprecated. Using PCFShadowMap instead. @ https://mglass-app.vercel.app/_next/static/chunks/17_s2gj3uyndh.js?dpl=dpl_CWhTQbeSmA6NZjBju6C21kECv3Pn:10
[  483026ms] [WARNING] THREE.WebGLShadowMap: PCFSoftShadowMap has been deprecated. Using PCFShadowMap instead. @ https://mglass-app.vercel.app/_next/static/chunks/17_s2gj3uyndh.js?dpl=dpl_CWhTQbeSmA6NZjBju6C21kECv3Pn:10
[  483044ms] [WARNING] THREE.WebGLShadowMap: PCFSoftShadowMap has been deprecated. Using PCFShadowMap instead. @ https://mglass-app.vercel.app/_next/static/chunks/17_s2gj3uyndh.js?dpl=dpl_CWhTQbeSmA6NZjBju6C21kECv3Pn:10
[  483093ms] [WARNING] THREE.WebGLShadowMap: PCFSoftShadowMap has been deprecated. Using PCFShadowMap instead. @ https://mglass-app.vercel.app/_next/static/chunks/17_s2gj3uyndh.js?dpl=dpl_CWhTQbeSmA6NZjBju6C21kECv3Pn:10
[  483110ms] [WARNING] THREE.WebGLShadowMap: PCFSoftShadowMap has been deprecated. Using PCFShadowMap instead. @ https://mglass-app.vercel.app/_next/static/chunks/17_s2gj3uyndh.js?dpl=dpl_CWhTQbeSmA6NZjBju6C21kECv3Pn:10
[  483125ms] [WARNING] THREE.WebGLShadowMap: PCFSoftShadowMap has been deprecated. Using PCFShadowMap instead. @ https://mglass-app.vercel.app/_next/static/chunks/17_s2gj3uyndh.js?dpl=dpl_CWhTQbeSmA6NZjBju6C21kECv3Pn:10
[  483142ms] [WARNING] THREE.WebGLShadowMap: PCFSoftShadowMap has been deprecated. Using PCFShadowMap instead. @ https://mglass-app.vercel.app/_next/static/chunks/17_s2gj3uyndh.js?dpl=dpl_CWhTQbeSmA6NZjBju6C21kECv3Pn:10
[  483822ms] [WARNING] THREE.WebGLShadowMap: PCFSoftShadowMap has been deprecated. Using PCFShadowMap instead. @ https://mglass-app.vercel.app/_next/static/chunks/17_s2gj3uyndh.js?dpl=dpl_CWhTQbeSmA6NZjBju6C21kECv3Pn:10
[  486089ms] [WARNING] THREE.WebGLShadowMap: PCFSoftShadowMap has been deprecated. Using PCFShadowMap instead. @ https://mglass-app.vercel.app/_next/static/chunks/17_s2gj3uyndh.js?dpl=dpl_CWhTQbeSmA6NZjBju6C21kECv3Pn:10
